// Jest Snapshot v1, https://goo.gl/fbAQLP

exports[`AppComponent Debe hacer match con el snapshot 1`] = `
<div
  id="root3"
>
  <h1>
    angular-test
  </h1>
  <hr />
</div>
`;
